// Jest Snapshot v1, https://goo.gl/fbAQLP

exports[`Footer Should render to string 1`] = `"<div class=\\"\\"><div class=\\"container\\"><div class=\\"item \\">Â© 2021 - INTERVIEW / All Rights Reserved</div><div class=\\"wrap\\"><div class=\\"item \\">Find us online</div><div class=\\"item\\"><a class=\\"link \\" href=\\"https://www.instagram.com/skalar.ua/\\">Instagram</a><a class=\\"link \\" href=\\"https://www.linkedin.com/company/skalar-it/\\">Linkedin</a></div></div></div></div>"`;
